Archive member included to satisfy reference by file (symbol)

/home/darvik/CLionProjects/freertos/host-tools/gcc/riscv64-elf-x86_64/bin/../lib/gcc/riscv64-unknown-elf/10.2.0/../../../../riscv64-unknown-elf/lib/rv64imafdc/lp64d/libc.a(lib_a-printf.o)
                              CMakeFiles/cvirtos.elf.dir/src/main.c.obj (printf)
/home/darvik/CLionProjects/freertos/host-tools/gcc/riscv64-elf-x86_64/bin/../lib/gcc/riscv64-unknown-elf/10.2.0/../../../../riscv64-unknown-elf/lib/rv64imafdc/lp64d/libc.a(lib_a-vfprintf.o)
                              /home/darvik/CLionProjects/freertos/host-tools/gcc/riscv64-elf-x86_64/bin/../lib/gcc/riscv64-unknown-elf/10.2.0/../../../../riscv64-unknown-elf/lib/rv64imafdc/lp64d/libc.a(lib_a-printf.o) (_vfprintf_r)
/home/darvik/CLionProjects/freertos/host-tools/gcc/riscv64-elf-x86_64/bin/../lib/gcc/riscv64-unknown-elf/10.2.0/../../../../riscv64-unknown-elf/lib/rv64imafdc/lp64d/libc.a(lib_a-wsetup.o)
                              /home/darvik/CLionProjects/freertos/host-tools/gcc/riscv64-elf-x86_64/bin/../lib/gcc/riscv64-unknown-elf/10.2.0/../../../../riscv64-unknown-elf/lib/rv64imafdc/lp64d/libc.a(lib_a-vfprintf.o) (__swsetup_r)
/home/darvik/CLionProjects/freertos/host-tools/gcc/riscv64-elf-x86_64/bin/../lib/gcc/riscv64-unknown-elf/10.2.0/../../../../riscv64-unknown-elf/lib/rv64imafdc/lp64d/libc.a(lib_a-fflush.o)
                              /home/darvik/CLionProjects/freertos/host-tools/gcc/riscv64-elf-x86_64/bin/../lib/gcc/riscv64-unknown-elf/10.2.0/../../../../riscv64-unknown-elf/lib/rv64imafdc/lp64d/libc.a(lib_a-vfprintf.o) (_fflush_r)
/home/darvik/CLionProjects/freertos/host-tools/gcc/riscv64-elf-x86_64/bin/../lib/gcc/riscv64-unknown-elf/10.2.0/../../../../riscv64-unknown-elf/lib/rv64imafdc/lp64d/libc.a(lib_a-findfp.o)
                              /home/darvik/CLionProjects/freertos/host-tools/gcc/riscv64-elf-x86_64/bin/../lib/gcc/riscv64-unknown-elf/10.2.0/../../../../riscv64-unknown-elf/lib/rv64imafdc/lp64d/libc.a(lib_a-vfprintf.o) (__sinit)
/home/darvik/CLionProjects/freertos/host-tools/gcc/riscv64-elf-x86_64/bin/../lib/gcc/riscv64-unknown-elf/10.2.0/../../../../riscv64-unknown-elf/lib/rv64imafdc/lp64d/libc.a(lib_a-freer.o)
                              /home/darvik/CLionProjects/freertos/host-tools/gcc/riscv64-elf-x86_64/bin/../lib/gcc/riscv64-unknown-elf/10.2.0/../../../../riscv64-unknown-elf/lib/rv64imafdc/lp64d/libc.a(lib_a-vfprintf.o) (_free_r)
/home/darvik/CLionProjects/freertos/host-tools/gcc/riscv64-elf-x86_64/bin/../lib/gcc/riscv64-unknown-elf/10.2.0/../../../../riscv64-unknown-elf/lib/rv64imafdc/lp64d/libc.a(lib_a-fwalk.o)
                              /home/darvik/CLionProjects/freertos/host-tools/gcc/riscv64-elf-x86_64/bin/../lib/gcc/riscv64-unknown-elf/10.2.0/../../../../riscv64-unknown-elf/lib/rv64imafdc/lp64d/libc.a(lib_a-findfp.o) (_fwalk)
/home/darvik/CLionProjects/freertos/host-tools/gcc/riscv64-elf-x86_64/bin/../lib/gcc/riscv64-unknown-elf/10.2.0/../../../../riscv64-unknown-elf/lib/rv64imafdc/lp64d/libc.a(lib_a-impure.o)
                              /home/darvik/CLionProjects/freertos/host-tools/gcc/riscv64-elf-x86_64/bin/../lib/gcc/riscv64-unknown-elf/10.2.0/../../../../riscv64-unknown-elf/lib/rv64imafdc/lp64d/libc.a(lib_a-fflush.o) (_global_impure_ptr)
/home/darvik/CLionProjects/freertos/host-tools/gcc/riscv64-elf-x86_64/bin/../lib/gcc/riscv64-unknown-elf/10.2.0/../../../../riscv64-unknown-elf/lib/rv64imafdc/lp64d/libc.a(lib_a-ldtoa.o)
                              /home/darvik/CLionProjects/freertos/host-tools/gcc/riscv64-elf-x86_64/bin/../lib/gcc/riscv64-unknown-elf/10.2.0/../../../../riscv64-unknown-elf/lib/rv64imafdc/lp64d/libc.a(lib_a-vfprintf.o) (_ldtoa_r)
/home/darvik/CLionProjects/freertos/host-tools/gcc/riscv64-elf-x86_64/bin/../lib/gcc/riscv64-unknown-elf/10.2.0/../../../../riscv64-unknown-elf/lib/rv64imafdc/lp64d/libc.a(lib_a-localeconv.o)
                              /home/darvik/CLionProjects/freertos/host-tools/gcc/riscv64-elf-x86_64/bin/../lib/gcc/riscv64-unknown-elf/10.2.0/../../../../riscv64-unknown-elf/lib/rv64imafdc/lp64d/libc.a(lib_a-vfprintf.o) (_localeconv_r)
/home/darvik/CLionProjects/freertos/host-tools/gcc/riscv64-elf-x86_64/bin/../lib/gcc/riscv64-unknown-elf/10.2.0/../../../../riscv64-unknown-elf/lib/rv64imafdc/lp64d/libc.a(lib_a-locale.o)
                              /home/darvik/CLionProjects/freertos/host-tools/gcc/riscv64-elf-x86_64/bin/../lib/gcc/riscv64-unknown-elf/10.2.0/../../../../riscv64-unknown-elf/lib/rv64imafdc/lp64d/libc.a(lib_a-localeconv.o) (__global_locale)
/home/darvik/CLionProjects/freertos/host-tools/gcc/riscv64-elf-x86_64/bin/../lib/gcc/riscv64-unknown-elf/10.2.0/../../../../riscv64-unknown-elf/lib/rv64imafdc/lp64d/libc.a(lib_a-makebuf.o)
                              /home/darvik/CLionProjects/freertos/host-tools/gcc/riscv64-elf-x86_64/bin/../lib/gcc/riscv64-unknown-elf/10.2.0/../../../../riscv64-unknown-elf/lib/rv64imafdc/lp64d/libc.a(lib_a-wsetup.o) (__smakebuf_r)
[...]
Memory Configuration

Name             Origin             Length             Attributes
psu_ddr_0_MEM_0  0x000000009fe00000 0x0000000000200000
*default*        0x0000000000000000 0xffffffffffffffff

Linker script and memory map

LOAD CMakeFiles/cvirtos.elf.dir/src/FreeRTOS_tick_config.c.obj
LOAD CMakeFiles/cvirtos.elf.dir/src/main.c.obj
LOAD /home/darvik/CLionProjects/freertos/host-tools/gcc/riscv64-elf-x86_64/bin/../lib/gcc/riscv64-unknown-elf/10.2.0/../../../../riscv64-unknown-elf/lib/rv64imafdc/lp64d/libc.a
START GROUP
LOAD ../comm/libcomm.a
LOAD /home/darvik/CLionProjects/freertos/cvitek/task/audio//libaudio.a
LOAD ../../kernel/libkernel.a
LOAD ../../hal/cv181x/libhal.a
LOAD ../../driver/libdriver.a
LOAD /home/darvik/CLionProjects/freertos/cvitek/task/audio//libaudio.a
LOAD /home/darvik/CLionProjects/freertos/host-tools/gcc/riscv64-elf-x86_64/bin/../lib/gcc/riscv64-unknown-elf/10.2.0/../../../../riscv64-unknown-elf/lib/rv64imafdc/lp64d/libm.a
LOAD /home/darvik/CLionProjects/freertos/host-tools/gcc/riscv64-elf-x86_64/bin/../lib/gcc/riscv64-unknown-elf/10.2.0/../../../../riscv64-unknown-elf/lib/rv64imafdc/lp64d/libc.a
LOAD /home/darvik/CLionProjects/freertos/host-tools/gcc/riscv64-elf-x86_64/bin/../lib/gcc/riscv64-unknown-elf/10.2.0/rv64imafdc/lp64d/libgcc.a
LOAD /home/darvik/CLionProjects/freertos/host-tools/gcc/riscv64-elf-x86_64/bin/../lib/gcc/riscv64-unknown-elf/10.2.0/../../../../riscv64-unknown-elf/lib/rv64imafdc/lp64d/libsim.a
END GROUP
                0x0000000080200000                CONFIG_SYS_TEXT_BASE = 0x80200000
                0x0000000000080000                CVIMMAP_ATF_SIZE = 0x80000
                0x0000000094c30000                CVIMMAP_BOOTLOGO_ADDR = 0x94c30000
                0x00000000007d0000                CVIMMAP_BOOTLOGO_SIZE = 0x7d0000
                0x0000000082800000                CVIMMAP_CONFIG_SYS_INIT_SP_ADDR = 0x82800000
                0x00000000817ffc00                CVIMMAP_CVI_UPDATE_HEADER_ADDR = 0x817ffc00
                0x0000000000000400                CVIMMAP_CVI_UPDATE_HEADER_SIZE = 0x400
                0x0000000080000000                CVIMMAP_DRAM_BASE = 0x80000000
                0x0000000020000000                CVIMMAP_DRAM_SIZE = 0x20000000
                0x0000000094c30000                CVIMMAP_FRAMEBUFFER_ADDR = 0x94c30000
                0x00000000007d0000                CVIMMAP_FRAMEBUFFER_SIZE = 0x7d0000
                0x000000009fe00000                CVIMMAP_FREERTOS_ADDR = 0x9fe00000
                0x0000000001600000                CVIMMAP_FREERTOS_RESERVED_ION_SIZE = 0x1600000
                0x0000000000200000                CVIMMAP_FREERTOS_SIZE = 0x200000
                0x000000009fe00000                CVIMMAP_FSBL_C906L_START_ADDR = 0x9fe00000
                0x0000000081800000                CVIMMAP_FSBL_UNZIP_ADDR = 0x81800000
                0x0000000001000000                CVIMMAP_FSBL_UNZIP_SIZE = 0x1000000
                0x0000000095400000                CVIMMAP_H26X_BITSTREAM_ADDR = 0x95400000
                0x0000000000200000                CVIMMAP_H26X_BITSTREAM_SIZE = 0x200000
                0x0000000095600000                CVIMMAP_H26X_ENC_BUFF_ADDR = 0x95600000
                0x0000000000000000                CVIMMAP_H26X_ENC_BUFF_SIZE = 0x0
                0x0000000095400000                CVIMMAP_ION_ADDR = 0x95400000
                0x000000000aa00000                CVIMMAP_ION_SIZE = 0xaa00000
                0x0000000095600000                CVIMMAP_ISP_MEM_BASE_ADDR = 0x95600000
                0x0000000001400000                CVIMMAP_ISP_MEM_BASE_SIZE = 0x1400000
                0x0000000080000000                CVIMMAP_KERNEL_MEMORY_ADDR = 0x80000000
                0x000000001fe00000                CVIMMAP_KERNEL_MEMORY_SIZE = 0x1fe00000
                0x0000000080000000                CVIMMAP_MONITOR_ADDR = 0x80000000
                0x0000000080080000                CVIMMAP_OPENSBI_FDT_ADDR = 0x80080000
                0x0000000000080000                CVIMMAP_OPENSBI_SIZE = 0x80000
                0x0000000081800000                CVIMMAP_UIMAG_ADDR = 0x81800000
                0x0000000001000000                CVIMMAP_UIMAG_SIZE = 0x1000000
                0x0000000000020000                _STACK_SIZE = DEFINED (_STACK_SIZE)?_STACK_SIZE:0x20000
                0x0000000000000400                _EL0_STACK_SIZE = DEFINED (_EL0_STACK_SIZE)?_EL0_STACK_SIZE:0x400
                0x0000000000000800                _EL1_STACK_SIZE = DEFINED (_EL1_STACK_SIZE)?_EL1_STACK_SIZE:0x800
                0x0000000000000400                _EL2_STACK_SIZE = DEFINED (_EL2_STACK_SIZE)?_EL2_STACK_SIZE:0x400

.text
 *(.vectors)
 *(.boot)
 *(.text)
 *(.text.*)
 *(.gnu.linkonce.t.*)
 *(.plt)
 *(.gnu_warning)
 *(.gcc_execpt_table)
 *(.glue_7)
 *(.glue_7t)
 *(.ARM.extab)
 *(.gnu.linkonce.armextab.*)

.init
 *(.init)

.fini
 *(.fini)

.interp
 *(.interp)

.note-ABI-tag
 *(.note-ABI-tag)

.rodata         0x000000009fe00000        0x0
                0x000000009fe00000                . = ALIGN (0x40)
                0x000000009fe00000                __rodata_start = .
 *(.rodata)
 *(.rodata.*)
 *(.srodata*)
 *(.gnu.linkonce.r.*)
                0x000000009fe00000                __rodata_end = .

.rodata1        0x000000009fe00000        0x0
                0x000000009fe00000                . = ALIGN (0x40)
                0x000000009fe00000                __rodata1_start = .
 *(.rodata1)
 *(.rodata1.*)
                0x000000009fe00000                __rodata1_end = .

.data           0x000000009fe00000        0x0
                0x000000009fe00000                . = ALIGN (0x40)
                0x000000009fe00000                _data = .
 *(.data)
 *(.data.*)
 *(.sdata)
 *(.sdata.*)
 *(.gnu.linkonce.d.*)
 *(.jcr)
 *(.got)
 *(.got.plt)
                0x000000009fe00000                _edata = .

.data1          0x000000009fe00000        0x0
                0x000000009fe00000                . = ALIGN (0x40)
                0x000000009fe00000                __data1_start = .
 *(.data1)
 *(.data1.*)
                0x000000009fe00000                __data1_end = .

.got
 *(.got)

.got1
 *(.got1)

.got2
 *(.got2)

.ctors          0x000000009fe00000        0x0
                0x000000009fe00000                . = ALIGN (0x40)
                0x000000009fe00000                __CTOR_LIST__ = .
                0x000000009fe00000                ___CTORS_LIST___ = .
 *crtbegin.o(.ctors)
 *(EXCLUDE_FILE(*crtend.o) .ctors)
 *(SORT_BY_NAME(.ctors.*))
 *(.ctors)
                0x000000009fe00000                __CTOR_END__ = .
                0x000000009fe00000                ___CTORS_END___ = .

.dtors          0x000000009fe00000        0x0
                0x000000009fe00000                . = ALIGN (0x40)
                0x000000009fe00000                __DTOR_LIST__ = .
                0x000000009fe00000                ___DTORS_LIST___ = .
 *crtbegin.o(.dtors)
 *(EXCLUDE_FILE(*crtend.o) .dtors)
 *(SORT_BY_NAME(.dtors.*))
 *(.dtors)
                0x000000009fe00000                __DTOR_END__ = .
                0x000000009fe00000                ___DTORS_END___ = .

.fixup          0x000000009fe00000        0x0
                0x000000009fe00000                __fixup_start = .
 *(.fixup)
                0x000000009fe00000                __fixup_end = .

.eh_frame
 *(.eh_frame)

.eh_framehdr    0x000000009fe00000        0x0
                0x000000009fe00000                __eh_framehdr_start = .
 *(.eh_framehdr)
                0x000000009fe00000                __eh_framehdr_end = .

.gcc_except_table
 *(.gcc_except_table)

.bss            0x000000009fe00000        0x0
                0x000000009fe00000                . = ALIGN (0x40)
                0x000000009fe00000                _bss = .
 *(.bss)
 *(.bss.*)
 *(.sbss)
 *(.sbss.*)
 *(.gnu.linkonce.b.*)
 *(COMMON)
                0x000000009fe00000                . = ALIGN (0x40)
                0x000000009fe00000                _ebss = .
                0x000000009fe00000                _data_lma = LOADADDR (.data)

.heap           0x000000009fe00000        0x0
                0x000000009fe00000                . = ALIGN (0x40)
                0x000000009fe00000                _heap = .
                0x000000009fe00000                HeapBase = .
                0x000000009fe00000                _heap_start = .
 *(.heap*)
                0x000000009fe00000                _heap_end = .
                0x000000009fe00000                HeapLimit = .

.stack          0x000000009fe00000    0x20000
                0x000000009fe00000                . = ALIGN (0x40)
                0x000000009fe00000                _stack_end_end = .
                0x000000009fe20000                . = (. + _STACK_SIZE)
 *fill*         0x000000009fe00000    0x20000 
                0x000000009fe20000                _stack_top = .
                0x000000009fe20000                _end = .
OUTPUT(cvirtos.elf elf64-littleriscv)
